[www.mrhanbao.com/index.html]
[backblue.gif]
[fade.gif]
[index.html]
[www.mrhanbao.com/web/image/website/1/logo52c7.png]
[www.mrhanbao.com/web/image/website/1/favicon52c7.ico]
[www.mrhanbao.com/web/static/lib/fontawesome/fonts/fontawesome-webfont3e6e.woff2]
[www.mrhanbao.com/web/assets/358-0811dc6/1/web.assets_common.min.css]
[www.mrhanbao.com/web/assets/359-c264051/1/web.assets_frontend.min.css]
[www.mrhanbao.com/web/assets/261-bd112bd/1/web.assets_common_minimal.min.js]
[www.mrhanbao.com/web/assets/262-319ead5/1/web.assets_frontend_minimal.min.js]
[www.mrhanbao.com/web/image/website/1/logo/Mr Hanbao52c7.png]
[www.mrhanbao.com/shop.html]
[www.mrhanbao.com/blog/news-2.html]
[www.mrhanbao.com/about-us.html]
[www.mrhanbao.com/contactus.html]
[www.mrhanbao.com/shop/cart.html]
[www.mrhanbao.com/'/web/image/website.s_cover_default_image']
[www.mrhanbao.com/web/image/316-98c7c89a/1558017418187.jpg]
[www.mrhanbao.com/web/image/382-93841829/beef-burgur.jpg]
[www.mrhanbao.com/web/image/383-1105d4a4/21952545_10155674190633698_1016293131_o-1-1.jpg]
[www.mrhanbao.com/web/image/384-68ca685d/Fresh-juices-with-fruits-and-vegetables-1 (1).jpg]
[www.mrhanbao.com/web/image/381-30871d30/coffee-or-tea-1200x900.jpg]
[www.mrhanbao.com/web/image/385-88e39c90/file-20180529-80633-frs1je.jpg]
[www.mrhanbao.com/web/image/website.jpg]
[www.mrhanbao.com/website/social/facebook]
[www.mrhanbao.com/website/social/twitter]
[www.mrhanbao.com/website/social/linkedin]
[www.mrhanbao.com/web/static/img/odoo_logo_tiny.png]
[www.mrhanbao.com/index.html]
[fonts.gstatic.com/index.html]
[www.mrhanbao.com/shop9d3a.html]
[www.mrhanbao.com/shop86c9.html]
[www.mrhanbao.com/shop01d0.html]
[www.mrhanbao.com/shop528b.html]
[www.mrhanbao.com/shop/parata-layered-11.html]
[www.mrhanbao.com/web/image/product.template/11/image_256/Parata Layered5efe.jpg]
[www.mrhanbao.com/shop/string-hoppers-10.html]
[www.mrhanbao.com/web/image/product.template/10/image_256/String Hoppersd7cc.jpg]
[www.mrhanbao.com/shop/tea-with-milk-9.html]
[www.mrhanbao.com/web/image/product.template/9/image_256/Tea (With milk)a68d.jpg]
[www.mrhanbao.com/shop/tea-plain-8.html]
[www.mrhanbao.com/web/image/product.template/8/image_256/Tea (Plain)14da.jpg]
[www.mrhanbao.com/shop/strawberry-smoothie-7.html]
[www.mrhanbao.com/web/image/product.template/7/image_256/Strawberry Smoothie3c00.jpg]
[www.mrhanbao.com/shop/banana-smoothie-6.html]
[www.mrhanbao.com/web/image/product.template/6/image_256/Banana Smoothie5094.jpg]
[www.mrhanbao.com/shop/prawn-burger-5.html]
[www.mrhanbao.com/web/image/product.template/5/image_256/Prawn Burgeraac2.jpg]
[www.mrhanbao.com/shop/pork-burger-4.html]
[www.mrhanbao.com/web/image/product.template/4/image_256/Pork Burger11a6.jpg]
[www.mrhanbao.com/shop/chicken-burger-3.html]
[www.mrhanbao.com/web/image/product.template/3/image_256/Chicken Burger781a.jpg]
[www.mrhanbao.com/shop.html]
[www.mrhanbao.com/blog/news-2/feed]
[www.mrhanbao.com/blog.html]
[www.mrhanbao.com/blog/our-blog-1.html]
[www.mrhanbao.com/blog/news-2/grand-opening-1.html]
[www.mrhanbao.com/web/image/blog.post/1/author_avatar/Grand Opening5a30.png]
[www.mrhanbao.com/blog/news-2.html]
[www.mrhanbao.com/'/web/image/website.s_banner_default_image']
[www.mrhanbao.com/web/image/388-a1b99bca/logo resize.png]
[www.mrhanbao.com/web/image/website-2.jpg]
[www.mrhanbao.com/web/image/website-3.jpg]
[www.mrhanbao.com/about-us.html]
[www.mrhanbao.com/contactus.html]
[www.mrhanbao.com/shop/cart.html]
[www.mrhanbao.com/'/web/image/website.html]
[www.mrhanbao.com/website/social/facebook.html]
[www.mrhanbao.com/website/social/twitter.html]
[www.mrhanbao.com/website/social/linkedin.html]
[www.mrhanbao.com/shop/string-hoppers-109d3a.html]
[www.mrhanbao.com/shop/tea-plain-89d3a.html]
[www.mrhanbao.com/shop/parata-layered-119d3a.html]
[www.mrhanbao.com/shop/tea-with-milk-99d3a.html]
[www.mrhanbao.com/shop/banana-smoothie-69d3a.html]
[www.mrhanbao.com/shop/strawberry-smoothie-79d3a.html]
[www.mrhanbao.com/shop/chicken-burger-39d3a.html]
[www.mrhanbao.com/shop/prawn-burger-59d3a.html]
[www.mrhanbao.com/shop9d3a.html]
[www.mrhanbao.com/shop/pork-burger-49d3a.html]
[www.mrhanbao.com/shop/prawn-burger-586c9.html]
[www.mrhanbao.com/shop/pork-burger-486c9.html]
[www.mrhanbao.com/shop/chicken-burger-386c9.html]
[www.mrhanbao.com/shop/strawberry-smoothie-786c9.html]
[www.mrhanbao.com/shop/banana-smoothie-686c9.html]
[www.mrhanbao.com/shop/parata-layered-1186c9.html]
[www.mrhanbao.com/shop/tea-with-milk-986c9.html]
[www.mrhanbao.com/shop/tea-plain-886c9.html]
[www.mrhanbao.com/shop86c9.html]
[www.mrhanbao.com/shop/string-hoppers-1086c9.html]
[www.mrhanbao.com/shop/parata-layered-1101d0.html]
[www.mrhanbao.com/shop/string-hoppers-1001d0.html]
[www.mrhanbao.com/shop/tea-with-milk-901d0.html]
[www.mrhanbao.com/shop/tea-plain-801d0.html]
[www.mrhanbao.com/shop/strawberry-smoothie-701d0.html]
[www.mrhanbao.com/shop/banana-smoothie-601d0.html]
[www.mrhanbao.com/shop/prawn-burger-501d0.html]
[www.mrhanbao.com/shop/pork-burger-401d0.html]
[www.mrhanbao.com/shop01d0.html]
[www.mrhanbao.com/shop/chicken-burger-301d0.html]
[www.mrhanbao.com/shop/banana-smoothie-6528b.html]
[www.mrhanbao.com/shop/chicken-burger-3528b.html]
[www.mrhanbao.com/shop/parata-layered-11528b.html]
[www.mrhanbao.com/shop/pork-burger-4528b.html]
[www.mrhanbao.com/shop/prawn-burger-5528b.html]
[www.mrhanbao.com/shop/strawberry-smoothie-7528b.html]
[www.mrhanbao.com/shop/string-hoppers-10528b.html]
[www.mrhanbao.com/shop/tea-plain-8528b.html]
[www.mrhanbao.com/shop528b.html]
[www.mrhanbao.com/shop/tea-with-milk-9528b.html]
[www.mrhanbao.com/web/image/product.template/11/image_10245efe.jpg]
[www.mrhanbao.com/web/image/product.product/11/image_1024/Parata Layered5efe.jpg]
[www.mrhanbao.com/shop/parata-layered-11.html]
[www.mrhanbao.com/web/image/product.template/10/image_1024d7cc.jpg]
[www.mrhanbao.com/web/image/product.product/10/image_1024/String Hoppers94db.jpg]
[www.mrhanbao.com/shop/string-hoppers-10.html]
[www.mrhanbao.com/web/image/product.template/9/image_1024a68d.jpg]
[www.mrhanbao.com/web/image/product.product/9/image_1024/Tea (With milk)ecac.jpg]
[www.mrhanbao.com/shop/tea-with-milk-9.html]
[www.mrhanbao.com/web/image/product.template/8/image_102414da.jpg]
[www.mrhanbao.com/web/image/product.product/8/image_1024/Tea (Plain)50e8.jpg]
[www.mrhanbao.com/shop/tea-plain-8.html]
[www.mrhanbao.com/web/image/product.template/7/image_10243c00.jpg]
[www.mrhanbao.com/web/image/product.product/7/image_1024/Strawberry Smoothie8f72.jpg]
[www.mrhanbao.com/shop/strawberry-smoothie-7.html]
[www.mrhanbao.com/web/image/product.template/6/image_10245094.jpg]
[www.mrhanbao.com/web/image/product.product/6/image_1024/Banana Smoothie2b4c.jpg]
[www.mrhanbao.com/shop/banana-smoothie-6.html]
[www.mrhanbao.com/web/image/product.template/5/image_1024aac2.jpg]
[www.mrhanbao.com/web/image/product.product/5/image_1024/Prawn Burger2176.jpg]
[www.mrhanbao.com/shop/prawn-burger-5.html]
[www.mrhanbao.com/web/image/product.template/4/image_102411a6.jpg]
[www.mrhanbao.com/web/image/product.product/4/image_1024/Pork Burgerc178.jpg]
[www.mrhanbao.com/shop/pork-burger-4.html]
[www.mrhanbao.com/web/image/product.template/3/image_1024781a.jpg]
[www.mrhanbao.com/web/image/product.product/3/image_1024/Chicken Burger51a4.jpg]
[www.mrhanbao.com/shop/chicken-burger-3.html]
[www.mrhanbao.com/blog.html]
[www.mrhanbao.com/blog/our-blog-1/feed]
[www.mrhanbao.com/blog/'/website_blog/static/src/img/cover_5.jpg']
[www.mrhanbao.com/blog/our-blog-1.html]
[www.mrhanbao.com/web/image/395-482cf2ec/Invitatione3b5.png]
[www.mrhanbao.com/blog/news-2/grand-opening-1.html]
[www.mrhanbao.com/'/web/image/website-2.html]
[www.mrhanbao.com/shop/string-hoppers-109d3a.html]
[www.mrhanbao.com/shop/tea-plain-89d3a.html]
[www.mrhanbao.com/shop/parata-layered-119d3a.html]
[www.mrhanbao.com/shop/tea-with-milk-99d3a.html]
[www.mrhanbao.com/shop/banana-smoothie-69d3a.html]
[www.mrhanbao.com/shop/strawberry-smoothie-79d3a.html]
[www.mrhanbao.com/shop/chicken-burger-39d3a.html]
[www.mrhanbao.com/shop/prawn-burger-59d3a.html]
[www.mrhanbao.com/shop/pork-burger-49d3a.html]
[www.mrhanbao.com/shop/prawn-burger-586c9.html]
[www.mrhanbao.com/shop/pork-burger-486c9.html]
[www.mrhanbao.com/shop/chicken-burger-386c9.html]
[www.mrhanbao.com/shop/strawberry-smoothie-786c9.html]
[www.mrhanbao.com/shop/banana-smoothie-686c9.html]
[www.mrhanbao.com/shop/parata-layered-1186c9.html]
[www.mrhanbao.com/shop/tea-with-milk-986c9.html]
[www.mrhanbao.com/shop/tea-plain-886c9.html]
[www.mrhanbao.com/shop/string-hoppers-1086c9.html]
[www.mrhanbao.com/shop/parata-layered-1101d0.html]
[www.mrhanbao.com/shop/string-hoppers-1001d0.html]
[www.mrhanbao.com/shop/tea-with-milk-901d0.html]
[www.mrhanbao.com/shop/tea-plain-801d0.html]
[www.mrhanbao.com/shop/strawberry-smoothie-701d0.html]
[www.mrhanbao.com/shop/banana-smoothie-601d0.html]
[www.mrhanbao.com/shop/prawn-burger-501d0.html]
[www.mrhanbao.com/shop/pork-burger-401d0.html]
[www.mrhanbao.com/shop/chicken-burger-301d0.html]
[www.mrhanbao.com/shop/banana-smoothie-6528b.html]
[www.mrhanbao.com/shop/chicken-burger-3528b.html]
[www.mrhanbao.com/shop/parata-layered-11528b.html]
[www.mrhanbao.com/shop/pork-burger-4528b.html]
[www.mrhanbao.com/shop/prawn-burger-5528b.html]
[www.mrhanbao.com/shop/strawberry-smoothie-7528b.html]
[www.mrhanbao.com/shop/string-hoppers-10528b.html]
[www.mrhanbao.com/shop/tea-plain-8528b.html]
[www.mrhanbao.com/shop/tea-with-milk-9528b.html]
[www.mrhanbao.com/blog/'/website_blog/static/src/img/cover_5.html]
[www.mrhanbao.com/web/image/316-98c7c89a/1558017418187.jpg]
[www.mrhanbao.com/web/image/382-93841829/beef-burgur.jpg]
[www.mrhanbao.com/web/assets/261-bd112bd/1/web.assets_common_minimal.min.js]
[www.mrhanbao.com/web/assets/262-319ead5/1/web.assets_frontend_minimal.min.js]
[www.mrhanbao.com/web/image/384-68ca685d/Fresh-juices-with-fruits-and-vegetables-1 (1).jpg]
[www.mrhanbao.com/web/static/img/transparent.png]
[www.mrhanbao.com/web/image/383-1105d4a4/21952545_10155674190633698_1016293131_o-1-1.jpg]
[www.mrhanbao.com/web/image/385-88e39c90/file-20180529-80633-frs1je.jpg]
[www.mrhanbao.com/web/image/381-30871d30/coffee-or-tea-1200x900.jpg]
[www.mrhanbao.com/web/image/388-a1b99bca/logo resize.png]
[www.mrhanbao.com/web/image/395-482cf2ec/Invitatione3b5.png]
[www.mrhanbao.com/web/static/lib/jquery.ui/images/ui-icons_444444_256x240.png]
[www.mrhanbao.com/web/static/lib/jquery.ui/images/ui-icons_555555_256x240.png]
[www.mrhanbao.com/web/static/lib/jquery.ui/images/ui-icons_ffffff_256x240.png]
[www.mrhanbao.com/web/static/lib/jquery.ui/images/ui-icons_777620_256x240.png]
[www.mrhanbao.com/web/static/lib/jquery.ui/images/ui-icons_555555_256x240.png]
[www.mrhanbao.com/web/static/lib/jquery.ui/images/ui-icons_ffffff_256x240.png]
[www.mrhanbao.com/web/static/lib/jquery.ui/images/ui-icons_cc0000_256x240.png]
[www.mrhanbao.com/web/static/lib/jquery.ui/images/ui-icons_777777_256x240.png]
[www.mrhanbao.com/web/static/lib/fontawesome/fonts/fontawesome-webfont3e6e.eot]
[www.mrhanbao.com/web/static/lib/jquery.ui/images/ui-icons_777777_256x240.png]
[www.mrhanbao.com/web/static/lib/fontawesome/fonts/fontawesome-webfontd41d.eot]
[www.mrhanbao.com/web/static/lib/fontawesome/fonts/fontawesome-webfont3e6e.woff]
[www.mrhanbao.com/web/static/lib/fontawesome/fonts/fontawesome-webfont3e6e.ttf]
[www.mrhanbao.com/web/static/lib/select2/select2.png]
[www.mrhanbao.com/web/static/lib/select2/select2-spinner.gif]
[www.mrhanbao.com/web/static/lib/select2/select2x2.png]
[www.mrhanbao.com/web/static/lib/select2/select2.png]
[www.mrhanbao.com/web/static/fonts/lato/Lato-Hai-webfont.eot]
[www.mrhanbao.com/web/static/fonts/lato/Lato-Hai-webfontd41d.eot]
[www.mrhanbao.com/web/static/fonts/lato/Lato-Hai-webfont.woff]
[www.mrhanbao.com/web/static/fonts/lato/Lato-Hai-webfont.ttf]
[www.mrhanbao.com/web/static/fonts/lato/Lato-HaiIta-webfont.eot]
[www.mrhanbao.com/web/static/fonts/lato/Lato-HaiIta-webfontd41d.eot]
[www.mrhanbao.com/web/static/fonts/lato/Lato-HaiIta-webfont.woff]
[www.mrhanbao.com/web/static/fonts/lato/Lato-HaiIta-webfont.ttf]
[www.mrhanbao.com/web/static/fonts/lato/Lato-Lig-webfont.eot]
[www.mrhanbao.com/web/static/fonts/lato/Lato-Lig-webfontd41d.eot]
[www.mrhanbao.com/web/static/fonts/lato/Lato-Lig-webfont.woff]
[www.mrhanbao.com/web/static/fonts/lato/Lato-Lig-webfont.ttf]
[www.mrhanbao.com/web/static/fonts/lato/Lato-Lig-webfont.ttf]
[www.mrhanbao.com/web/static/fonts/lato/Lato-LigIta-webfont.eot]
[www.mrhanbao.com/web/static/fonts/lato/Lato-LigIta-webfontd41d.eot]
[www.mrhanbao.com/web/static/fonts/lato/Lato-LigIta-webfont.woff]
[www.mrhanbao.com/web/static/fonts/lato/Lato-LigIta-webfontd41d.eot]
[www.mrhanbao.com/web/static/fonts/lato/Lato-LigIta-webfont.eot]
[www.mrhanbao.com/web/static/fonts/lato/Lato-LigIta-webfont.ttf]
[www.mrhanbao.com/web/static/fonts/lato/Lato-Reg-webfont.eot]
[www.mrhanbao.com/web/static/fonts/lato/Lato-Reg-webfont.eot]
[www.mrhanbao.com/web/static/fonts/lato/Lato-Reg-webfontd41d.eot]
[www.mrhanbao.com/web/static/fonts/lato/Lato-Reg-webfont.woff]
[www.mrhanbao.com/web/static/fonts/lato/Lato-Reg-webfont.ttf]
[www.mrhanbao.com/web/static/fonts/lato/Lato-RegIta-webfont.eot]
[www.mrhanbao.com/web/static/fonts/lato/Lato-RegIta-webfontd41d.eot]
[www.mrhanbao.com/web/static/fonts/lato/Lato-RegIta-webfont.eot]
[www.mrhanbao.com/web/static/fonts/lato/Lato-RegIta-webfont.woff]
[www.mrhanbao.com/web/static/fonts/lato/Lato-RegIta-webfont.ttf]
[www.mrhanbao.com/web/static/fonts/lato/Lato-Bol-webfont.eot]
[www.mrhanbao.com/web/static/fonts/lato/Lato-Bol-webfontd41d.eot]
[www.mrhanbao.com/web/static/fonts/lato/Lato-Bol-webfont.woff]
[www.mrhanbao.com/web/static/fonts/lato/Lato-Bol-webfont.eot]
[www.mrhanbao.com/web/static/fonts/lato/Lato-Bol-webfontd41d.eot]
[www.mrhanbao.com/web/static/fonts/lato/Lato-Bol-webfont.ttf]
[www.mrhanbao.com/web/static/fonts/lato/Lato-BolIta-webfont.eot]
[www.mrhanbao.com/web/static/fonts/lato/Lato-BolIta-webfontd41d.eot]
[www.mrhanbao.com/web/static/fonts/lato/Lato-BolIta-webfont.eot]
[www.mrhanbao.com/web/static/fonts/lato/Lato-BolIta-webfont.woff]
[www.mrhanbao.com/web/static/fonts/lato/Lato-BolIta-webfont.ttf]
[www.mrhanbao.com/web/static/fonts/lato/Lato-Bla-webfont.eot]
[www.mrhanbao.com/web/static/fonts/lato/Lato-Bla-webfontd41d.eot]
[www.mrhanbao.com/web/static/fonts/lato/Lato-Bla-webfont.woff]
[www.mrhanbao.com/web/static/fonts/lato/Lato-Bla-webfontd41d.eot]
[www.mrhanbao.com/web/static/fonts/lato/Lato-Bla-webfont.eot]
[www.mrhanbao.com/web/static/fonts/lato/Lato-Bla-webfont.ttf]
[www.mrhanbao.com/web/static/fonts/lato/Lato-BlaIta-webfont.eot]
[www.mrhanbao.com/web/static/fonts/lato/Lato-BlaIta-webfontd41d.eot]
[www.mrhanbao.com/web/static/fonts/lato/Lato-BlaIta-webfont.eot]
[www.mrhanbao.com/web/static/fonts/lato/Lato-BlaIta-webfont.woff]
[www.mrhanbao.com/web/static/fonts/lato/Lato-BlaIta-webfont.ttf]
[www.mrhanbao.com/web/static/fonts/google/Montserrat/Montserrat-Regular.ttf]
[www.mrhanbao.com/web/static/fonts/google/Open_Sans/Open_Sans-Regular.ttf]
[www.mrhanbao.com/web/static/fonts/google/Oswald/Oswald-Regular.ttf]
[www.mrhanbao.com/web/static/fonts/google/Raleway/Raleway-Regular.ttf]
[www.mrhanbao.com/web/static/fonts/google/Roboto/Roboto-Regular.ttf]
[www.mrhanbao.com/web/static/fonts/google/Roboto/Roboto-Regular.ttf]
[www.mrhanbao.com/web/assets/358-0811dc6/1/web.assets_common.min.css]
[www.mrhanbao.com/payment/static/src/img/placeholder.png]
[www.mrhanbao.com/payment/static/src/img/amex.png]
[www.mrhanbao.com/payment/static/src/img/diners.png]
[www.mrhanbao.com/payment/static/src/img/discover.png]
[www.mrhanbao.com/payment/static/src/img/jcb.png]
[www.mrhanbao.com/payment/static/src/img/mastercard.png]
[www.mrhanbao.com/payment/static/src/img/visa.png]
[www.mrhanbao.com/web/assets/359-c264051/1/web.assets_frontend.min.css]
[www.mrhanbao.com/web/image/website/1/logo/Mr Hanbao52c7.png]
[www.mrhanbao.com/web/image/website.jpg]
[www.mrhanbao.com/web/image/website-2.jpg]
[www.mrhanbao.com/web/static/lib/fontawesome/fonts/fontawesome-webfont3e6e.svg]
[www.mrhanbao.com/web/static/fonts/lato/Lato-Hai-webfont.svg]
[www.mrhanbao.com/web/static/fonts/lato/Lato-HaiIta-webfont.svg]
[www.mrhanbao.com/web/static/fonts/lato/Lato-Lig-webfont.svg]
[www.mrhanbao.com/web/static/fonts/lato/Lato-LigIta-webfont.svg]
[www.mrhanbao.com/web/static/fonts/lato/Lato-Reg-webfont.svg]
[www.mrhanbao.com/web/static/fonts/lato/Lato-RegIta-webfont.svg]
[www.mrhanbao.com/web/static/fonts/lato/Lato-Bol-webfont.svg]
[www.mrhanbao.com/web/static/fonts/lato/Lato-BolIta-webfont.svg]
[www.mrhanbao.com/web/static/fonts/lato/Lato-Bla-webfont.svg]
[www.mrhanbao.com/web/static/fonts/lato/Lato-BlaIta-webfont.svg]
[www.mrhanbao.com/web/static/img/mimetypes/unknown.svg]
[www.mrhanbao.com/web/static/img/mimetypes/image.svg]
[www.mrhanbao.com/web/static/img/mimetypes/audio.svg]
[www.mrhanbao.com/web/static/img/mimetypes/text.svg]
[www.mrhanbao.com/web/static/img/mimetypes/binary.svg]
[www.mrhanbao.com/web/static/img/mimetypes/video.svg]
[www.mrhanbao.com/web/static/img/mimetypes/archive.svg]
[www.mrhanbao.com/web/static/img/mimetypes/pdf.svg]
[www.mrhanbao.com/web/static/img/mimetypes/document.svg]
[www.mrhanbao.com/web/static/img/mimetypes/web_code.svg]
[www.mrhanbao.com/web/static/img/mimetypes/web_style.svg]
[www.mrhanbao.com/web/static/img/mimetypes/disk.svg]
[www.mrhanbao.com/web/static/img/mimetypes/spreadsheet.svg]
[www.mrhanbao.com/web/static/img/mimetypes/certificate.svg]
[www.mrhanbao.com/web/static/img/mimetypes/presentation.svg]
[www.mrhanbao.com/web/static/img/mimetypes/font.svg]
[www.mrhanbao.com/web/static/img/mimetypes/print.svg]
[www.mrhanbao.com/web/static/img/mimetypes/script.svg]
[www.mrhanbao.com/web/static/img/mimetypes/javascript.svg]
[www.mrhanbao.com/web/static/img/mimetypes/calendar.svg]
[www.mrhanbao.com/web/static/img/mimetypes/vector.svg]
[www.mrhanbao.com/web/static/img/empty_folder.svg]
[www.mrhanbao.com/web_editor/static/src/img/curved_arrow.svg]
[www.mrhanbao.com/web_editor/shape/web_editor/Airy/01b2ec.svg]
[www.mrhanbao.com/web_editor/shape/web_editor/Airy/02b2ec.svg]
[www.mrhanbao.com/web_editor/shape/web_editor/Airy/036f67.svg]
[www.mrhanbao.com/web_editor/shape/web_editor/Airy/03_0016f67.svg]
[www.mrhanbao.com/web_editor/shape/web_editor/Airy/04b2ec.svg]
[www.mrhanbao.com/web_editor/shape/web_editor/Airy/04_001b2ec.svg]
[www.mrhanbao.com/web_editor/shape/web_editor/Airy/05b2ec.svg]
[www.mrhanbao.com/web_editor/shape/web_editor/Airy/05_001b2ec.svg]
[www.mrhanbao.com/web_editor/shape/web_editor/Airy/067ede.svg]
[www.mrhanbao.com/web_editor/shape/web_editor/Airy/077ede.svg]
[www.mrhanbao.com/web_editor/shape/web_editor/Airy/08b2ec.svg]
[www.mrhanbao.com/web_editor/shape/web_editor/Airy/09b2ec.svg]
[www.mrhanbao.com/web_editor/shape/web_editor/Airy/106f67.svg]
[www.mrhanbao.com/web_editor/shape/web_editor/Airy/116f67.svg]
[www.mrhanbao.com/web_editor/shape/web_editor/Airy/12ef17.svg]
[www.mrhanbao.com/web_editor/shape/web_editor/Airy/12_001ef17.svg]
[www.mrhanbao.com/web_editor/shape/web_editor/Airy/133c5b.svg]
[www.mrhanbao.com/web_editor/shape/web_editor/Airy/13_0013c5b.svg]
[www.mrhanbao.com/web_editor/shape/web_editor/Airy/143c5b.svg]
[www.mrhanbao.com/web_editor/shape/web_editor/Blobs/017ede.svg]
[www.mrhanbao.com/web_editor/shape/web_editor/Blobs/01_0017ede.svg]
[www.mrhanbao.com/web_editor/shape/web_editor/Blobs/0213d3.svg]
[www.mrhanbao.com/web_editor/shape/web_editor/Blobs/037ede.svg]
[www.mrhanbao.com/web_editor/shape/web_editor/Blobs/046f67.svg]
[www.mrhanbao.com/web_editor/shape/web_editor/Blobs/05b2ec.svg]
[www.mrhanbao.com/web_editor/shape/web_editor/Blobs/06b2ec.svg]
[www.mrhanbao.com/web_editor/shape/web_editor/Blobs/076f67.svg]
[www.mrhanbao.com/web_editor/shape/web_editor/Blobs/08b2ec.svg]
[www.mrhanbao.com/web_editor/shape/web_editor/Blobs/09fc38.svg]
[www.mrhanbao.com/web_editor/shape/web_editor/Blobs/10d1db.svg]
[www.mrhanbao.com/web_editor/shape/web_editor/Blobs/10_001b2ec.svg]
[www.mrhanbao.com/web_editor/shape/web_editor/Blobs/11b2ec.svg]
[www.mrhanbao.com/web_editor/shape/web_editor/Blobs/12b2ec.svg]
[www.mrhanbao.com/web_editor/shape/web_editor/Blocks/01ecc1.svg]
[www.mrhanbao.com/web_editor/shape/web_editor/Blocks/01_001ecc1.svg]
[www.mrhanbao.com/web_editor/shape/web_editor/Blocks/02ecc1.svg]
[www.mrhanbao.com/web_editor/shape/web_editor/Blocks/02_001ecc1.svg]
[www.mrhanbao.com/web_editor/shape/web_editor/Blocks/033c5b.svg]
[www.mrhanbao.com/web_editor/shape/web_editor/Blocks/048cb5.svg]
[www.mrhanbao.com/web_editor/shape/web_editor/Bold/017ede.svg]
[www.mrhanbao.com/web_editor/shape/web_editor/Bold/02d02f.svg]
[www.mrhanbao.com/web_editor/shape/web_editor/Bold/03ecc1.svg]
[www.mrhanbao.com/web_editor/shape/web_editor/Bold/048f27.svg]
[www.mrhanbao.com/web_editor/shape/web_editor/Bold/056f67.svg]
[www.mrhanbao.com/web_editor/shape/web_editor/Bold/05_001fc38.svg]
[www.mrhanbao.com/web_editor/shape/web_editor/Bold/066f67.svg]
[www.mrhanbao.com/web_editor/shape/web_editor/Bold/06_001fc38.svg]
[www.mrhanbao.com/web_editor/shape/web_editor/Bold/0713d3.svg]
[www.mrhanbao.com/web_editor/shape/web_editor/Bold/07_00113d3.svg]
[www.mrhanbao.com/web_editor/shape/web_editor/Bold/08b2ec.svg]
[www.mrhanbao.com/web_editor/shape/web_editor/Bold/098f27.svg]
[www.mrhanbao.com/web_editor/shape/web_editor/Bold/1088db.svg]
[www.mrhanbao.com/web_editor/shape/web_editor/Bold/10_00156cb.svg]
[www.mrhanbao.com/web_editor/shape/web_editor/Bold/11d02f.svg]
[www.mrhanbao.com/web_editor/shape/web_editor/Bold/11_00113d3.svg]
[www.mrhanbao.com/web_editor/shape/web_editor/Bold/12e540.svg]
[www.mrhanbao.com/web_editor/shape/web_editor/Bold/12_001e540.svg]
[www.mrhanbao.com/web_editor/shape/web_editor/Floats/01e628.svg]
[www.mrhanbao.com/web_editor/shape/web_editor/Floats/028cb5.svg]
[www.mrhanbao.com/web_editor/shape/web_editor/Floats/038cb5.svg]
[www.mrhanbao.com/web_editor/shape/web_editor/Floats/040411.svg]
[www.mrhanbao.com/web_editor/shape/web_editor/Floats/058cb5.svg]
[www.mrhanbao.com/web_editor/shape/web_editor/Floats/068cb5.svg]
[www.mrhanbao.com/web_editor/shape/web_editor/Floats/078cb5.svg]
[www.mrhanbao.com/web_editor/shape/web_editor/Floats/088cb5.svg]
[www.mrhanbao.com/web_editor/shape/web_editor/Floats/09d02f.svg]
[www.mrhanbao.com/web_editor/shape/web_editor/Floats/108cb5.svg]
[www.mrhanbao.com/web_editor/shape/web_editor/Floats/11ef17.svg]
[www.mrhanbao.com/web_editor/shape/web_editor/Floats/128cb5.svg]
[www.mrhanbao.com/web_editor/shape/web_editor/Origins/01f32d.svg]
[www.mrhanbao.com/web_editor/shape/web_editor/Origins/02fc38.svg]
[www.mrhanbao.com/web_editor/shape/web_editor/Origins/02_00170d9.svg]
[www.mrhanbao.com/web_editor/shape/web_editor/Origins/03fc38.svg]
[www.mrhanbao.com/web_editor/shape/web_editor/Origins/04fc38.svg]
[www.mrhanbao.com/web_editor/shape/web_editor/Origins/04_001fc38.svg]
[www.mrhanbao.com/web_editor/shape/web_editor/Origins/05fc38.svg]
[www.mrhanbao.com/web_editor/shape/web_editor/Origins/06fc38.svg]
[www.mrhanbao.com/web_editor/shape/web_editor/Origins/06_001b065.svg]
[www.mrhanbao.com/web_editor/shape/web_editor/Origins/07fc38.svg]
[www.mrhanbao.com/web_editor/shape/web_editor/Origins/07_0010eef.svg]
[www.mrhanbao.com/web_editor/shape/web_editor/Origins/07_0022d4d.svg]
[www.mrhanbao.com/web_editor/shape/web_editor/Origins/08fc38.svg]
[www.mrhanbao.com/web_editor/shape/web_editor/Origins/09d1db.svg]
[www.mrhanbao.com/web_editor/shape/web_editor/Origins/09_001fc38.svg]
[www.mrhanbao.com/web_editor/shape/web_editor/Origins/10f32d.svg]
[www.mrhanbao.com/web_editor/shape/web_editor/Origins/110eef.svg]
[www.mrhanbao.com/web_editor/shape/web_editor/Origins/11_001b065.svg]
[www.mrhanbao.com/web_editor/shape/web_editor/Origins/120eef.svg]
[www.mrhanbao.com/web_editor/shape/web_editor/Origins/130eef.svg]
[www.mrhanbao.com/web_editor/shape/web_editor/Origins/14750f.svg]
[www.mrhanbao.com/web_editor/shape/web_editor/Origins/14_001b065.svg]
[www.mrhanbao.com/web_editor/shape/web_editor/Origins/15750f.svg]
[www.mrhanbao.com/web_editor/shape/web_editor/Origins/16fc38.svg]
[www.mrhanbao.com/web_editor/shape/web_editor/Origins/17fc38.svg]
[www.mrhanbao.com/web_editor/shape/web_editor/Origins/18b2ec.svg]
[www.mrhanbao.com/web_editor/shape/web_editor/Rainy/01d1db.svg]
[www.mrhanbao.com/web_editor/shape/web_editor/Rainy/01_001d1db.svg]
[www.mrhanbao.com/web_editor/shape/web_editor/Rainy/0256cb.svg]
[www.mrhanbao.com/web_editor/shape/web_editor/Rainy/02_00156cb.svg]
[www.mrhanbao.com/web_editor/shape/web_editor/Rainy/030f19.svg]
[www.mrhanbao.com/web_editor/shape/web_editor/Rainy/03_001f32d.svg]
[www.mrhanbao.com/web_editor/shape/web_editor/Rainy/04d1db.svg]
[www.mrhanbao.com/web_editor/shape/web_editor/Rainy/05d1db.svg]
[www.mrhanbao.com/web_editor/shape/web_editor/Rainy/05_001b2ec.svg]
[www.mrhanbao.com/web_editor/shape/web_editor/Rainy/06d02f.svg]
[www.mrhanbao.com/web_editor/shape/web_editor/Rainy/07d02f.svg]
[www.mrhanbao.com/web_editor/shape/web_editor/Rainy/083c5b.svg]
[www.mrhanbao.com/web_editor/shape/web_editor/Rainy/08_0013c5b.svg]
[www.mrhanbao.com/web_editor/shape/web_editor/Rainy/09b2ec.svg]
[www.mrhanbao.com/web_editor/shape/web_editor/Rainy/09_001b2ec.svg]
[www.mrhanbao.com/web_editor/shape/web_editor/Rainy/10ef17.svg]
[www.mrhanbao.com/web_editor/shape/web_editor/Wavy/01750f.svg]
[www.mrhanbao.com/web_editor/shape/web_editor/Wavy/01_001fc38.svg]
[www.mrhanbao.com/web_editor/shape/web_editor/Wavy/02750f.svg]
[www.mrhanbao.com/web_editor/shape/web_editor/Wavy/02_001fc38.svg]
[www.mrhanbao.com/web_editor/shape/web_editor/Wavy/0313d3.svg]
[www.mrhanbao.com/web_editor/shape/web_editor/Wavy/04d1db.svg]
[www.mrhanbao.com/web_editor/shape/web_editor/Wavy/05d1db.svg]
[www.mrhanbao.com/web_editor/shape/web_editor/Wavy/0688db.svg]
[www.mrhanbao.com/web_editor/shape/web_editor/Wavy/06_001ecc1.svg]
[www.mrhanbao.com/web_editor/shape/web_editor/Wavy/07fc38.svg]
[www.mrhanbao.com/web_editor/shape/web_editor/Wavy/087ede.svg]
[www.mrhanbao.com/web_editor/shape/web_editor/Wavy/09d1db.svg]
[www.mrhanbao.com/web_editor/shape/web_editor/Wavy/1013d3.svg]
[www.mrhanbao.com/web_editor/shape/web_editor/Wavy/113c5b.svg]
[www.mrhanbao.com/web_editor/shape/web_editor/Wavy/12b2ec.svg]
[www.mrhanbao.com/web_editor/shape/web_editor/Wavy/12_001b2ec.svg]
[www.mrhanbao.com/web_editor/shape/web_editor/Wavy/13750f.svg]
[www.mrhanbao.com/web_editor/shape/web_editor/Wavy/13_001b2ec.svg]
[www.mrhanbao.com/web_editor/shape/web_editor/Wavy/14ef17.svg]
[www.mrhanbao.com/web_editor/shape/web_editor/Wavy/15b2ec.svg]
[www.mrhanbao.com/web_editor/shape/web_editor/Wavy/16b2ec.svg]
[www.mrhanbao.com/web_editor/shape/web_editor/Wavy/17b2ec.svg]
[www.mrhanbao.com/web_editor/shape/web_editor/Wavy/186f67.svg]
[www.mrhanbao.com/web_editor/shape/web_editor/Wavy/196f67.svg]
[www.mrhanbao.com/web_editor/shape/web_editor/Wavy/207ede.svg]
[www.mrhanbao.com/web_editor/shape/web_editor/Wavy/217ede.svg]
[www.mrhanbao.com/web_editor/shape/web_editor/Wavy/22fc38.svg]
[www.mrhanbao.com/web_editor/shape/web_editor/Wavy/23fc38.svg]
[www.mrhanbao.com/web_editor/shape/web_editor/Wavy/2413d3.svg]
[www.mrhanbao.com/web_editor/shape/web_editor/Wavy/2513d3.svg]
[www.mrhanbao.com/web_editor/shape/web_editor/Wavy/2613d3.svg]
[www.mrhanbao.com/web_editor/shape/web_editor/Wavy/2713d3.svg]
[www.mrhanbao.com/web_editor/shape/web_editor/Wavy/28ef17.svg]
[www.mrhanbao.com/web_editor/shape/web_editor/Zigs/017ede.svg]
[www.mrhanbao.com/web_editor/shape/web_editor/Zigs/01_0017ede.svg]
[www.mrhanbao.com/web_editor/shape/web_editor/Zigs/027ede.svg]
[www.mrhanbao.com/web_editor/shape/web_editor/Zigs/02_0017ede.svg]
[www.mrhanbao.com/web_editor/shape/web_editor/Zigs/03b2ec.svg]
[www.mrhanbao.com/web_editor/shape/web_editor/Zigs/04b2ec.svg]
[www.mrhanbao.com/web_editor/shape/web_editor/Zigs/05fc38.svg]
[www.mrhanbao.com/web_editor/shape/web_editor/Zigs/0670d9.svg]
